// Jest Snapshot v1, https://goo.gl/fbAQLP

exports[`Header render header snapsot test 1`] = `
<DocumentFragment>
  <div
    class="MuiPaper-root MuiPaper-elevation MuiPaper-rounded MuiPaper-elevation1 css-1ps6pg7-MuiPaper-root"
    style="background-image: url(test-file-stub); opacity: 1; background-position: center center; background-size: cover;"
  >
    <div
      class="MuiBox-root css-8atqhb"
    >
      <div
        class="MuiGrid-root MuiGrid-container MuiGrid-spacing-xs-undefined css-cpk47q-MuiGrid-root"
      >
        <div
          class="MuiGrid-root MuiGrid-item MuiGrid-grid-xs-1 css-1fdpgu7-MuiGrid-root"
        />
        <div
          class="MuiGrid-root MuiGrid-item MuiGrid-grid-xs-8 css-12dpnmv-MuiGrid-root"
        >
          <p
            style="width: 151px; height: 24px; color: rgb(246, 82, 97); font-family: Montserrat; font-size: 20px;"
          >
            <b>
              netflix
            </b>
            roulette
          </p>
        </div>
        <div
          class="MuiGrid-root MuiGrid-item MuiGrid-grid-xs-2 css-a0vo9r-MuiGrid-root"
        >
          <button
            class="MuiButton-root MuiButton-outlined MuiButton-outlinedPrimary MuiButton-sizeMedium MuiButton-outlinedSizeMedium MuiButtonBase-root css-2gb2hc-MuiButtonBase-root-MuiButton-root"
            tabindex="0"
            type="button"
          >
            <span
              class="MuiButton-startIcon MuiButton-iconSizeMedium css-1d6wzja-MuiButton-startIcon"
            >
              <svg
                aria-hidden="true"
                class="MuiSvgIcon-root MuiSvgIcon-fontSizeMedium css-i4bv87-MuiSvgIcon-root"
                data-testid="AddIcon"
                focusable="false"
                viewBox="0 0 24 24"
              >
                <path
                  d="M19 13h-6v6h-2v-6H5v-2h6V5h2v6h6v2z"
                />
              </svg>
            </span>
            Add Movie
            <span
              class="MuiTouchRipple-root css-8je8zh-MuiTouchRipple-root"
            />
          </button>
        </div>
        <div
          class="MuiGrid-root MuiGrid-item MuiGrid-grid-xs-1 css-1fdpgu7-MuiGrid-root"
        />
        <div
          class="MuiGrid-root MuiGrid-item MuiGrid-grid-xs-12 css-fwp9kw-MuiGrid-root"
        >
          <p
            style="font-family: Montserrat; font-weight: 300; font-size: 40px; line-height: 49px;"
          >
            FIND YOUR MOVIE
          </p>
        </div>
        <div
          class="MuiGrid-root MuiGrid-item MuiGrid-grid-xs-12 css-1m4qs9w-MuiGrid-root"
        >
          <div
            class="MuiGrid-root MuiGrid-container MuiGrid-spacing-xs-2 css-mhc70k-MuiGrid-root"
          >
            <div
              class="MuiGrid-root MuiGrid-item MuiGrid-grid-xs-8 css-12dpnmv-MuiGrid-root"
            >
              <div
                class="MuiFormControl-root MuiTextField-root ForwardRef(TextField)-root-4 css-1u3bzj6-MuiFormControl-root-MuiTextField-root"
              >
                <label
                  class="MuiInputLabel-root MuiInputLabel-formControl MuiInputLabel-animated MuiInputLabel-shrink MuiInputLabel-outlined MuiFormLabel-root MuiFormLabel-colorPrimary MuiFormLabel-filled css-1kty9di-MuiFormLabel-root-MuiInputLabel-root"
                  data-shrink="true"
                  for="outlined-search"
                  id="outlined-search-label"
                >
                  What do your want to watch?
                </label>
                <div
                  class="MuiOutlinedInput-root MuiInputBase-root MuiInputBase-colorPrimary MuiInputBase-formControl css-9ddj71-MuiInputBase-root-MuiOutlinedInput-root"
                >
                  <input
                    aria-invalid="false"
                    class="MuiOutlinedInput-input MuiInputBase-input MuiInputBase-inputTypeSearch css-1y7nk27-MuiInputBase-input-MuiOutlinedInput-input"
                    data-testid="search-input"
                    id="outlined-search"
                    type="search"
                    value="Batman"
                  />
                  <fieldset
                    aria-hidden="true"
                    class="MuiOutlinedInput-notchedOutline css-1d3z3hw-MuiOutlinedInput-notchedOutline"
                  >
                    <legend
                      class="css-186xcr5"
                    >
                      <span>
                        What do your want to watch?
                      </span>
                    </legend>
                  </fieldset>
                </div>
              </div>
            </div>
            <div
              class="MuiGrid-root MuiGrid-item MuiGrid-grid-xs-4 css-1744jwa-MuiGrid-root"
            >
              <button
                class="MuiButton-root MuiButton-contained MuiButton-containedPrimary MuiButton-sizeMedium MuiButton-containedSizeMedium MuiButtonBase-root ForwardRef(Button)-root-5 ForwardRef(Button)-root-6 css-17nvjuj-MuiButtonBase-root-MuiButton-root"
                tabindex="0"
                type="button"
              >
                SEARCH
                <span
                  class="MuiTouchRipple-root css-8je8zh-MuiTouchRipple-root"
                />
              </button>
            </div>
          </div>
        </div>
      </div>
    </div>
  </div>
</DocumentFragment>
`;
